Archive member included to satisfy reference by file (symbol)

/home/chester/.var/app/cc.arduino.IDE2/cache/arduino/sketches/A98F88C8DEF5139A2C95A08917CA9C3C/../../cores/arduino_megaavr_nona4809_mode_on_ac19e7e9261e7ebdea559bc5b8f9c16f/core.a(UART0.cpp.o)
                              /home/chester/.var/app/cc.arduino.IDE2/cache/arduino/sketches/A98F88C8DEF5139A2C95A08917CA9C3C/sketch/WS-Mini.ino.cpp.o (symbol from plugin) (Serial)
/home/chester/.var/app/cc.arduino.IDE2/cache/arduino/sketches/A98F88C8DEF5139A2C95A08917CA9C3C/../../cores/arduino_megaavr_nona4809_mode_on_ac19e7e9261e7ebdea559bc5b8f9c16f/core.a(UART1.cpp.o)
                              /home/chester/.var/app/cc.arduino.IDE2/cache/arduino/sketches/A98F88C8DEF5139A2C95A08917CA9C3C/sketch/WS-Mini.ino.cpp.o (symbol from plugin) (Serial1)
/home/chester/.var/app/cc.arduino.IDE2/cache/arduino/sketches/A98F88C8DEF5139A2C95A08917CA9C3C/../../cores/arduino_megaavr_nona4809_mode_on_ac19e7e9261e7ebdea559bc5b8f9c16f/core.a(Print.cpp.o)
                              /home/chester/.var/app/cc.arduino.IDE2/cache/arduino/sketches/A98F88C8DEF5139A2C95A08917CA9C3C/libraries/Adafruit_Unified_Sensor/Adafruit_Sensor.cpp.o (symbol from plugin) (_ZN7arduino5Print5printEPKNS_19__FlashStringHelperE)
/home/chester/.var/app/cc.arduino.IDE2/cache/arduino/sketches/A98F88C8DEF5139A2C95A08917CA9C3C/../../cores/arduino_megaavr_nona4809_mode_on_ac19e7e9261e7ebdea559bc5b8f9c16f/core.a(String.cpp.o)
                              /home/chester/.var/app/cc.arduino.IDE2/cache/arduino/sketches/A98F88C8DEF5139A2C95A08917CA9C3C/sketch/WS-Mini.ino.cpp.o (symbol from plugin) (_ZN7arduino6StringD2Ev)
/home/chester/.var/app/cc.arduino.IDE2/cache/arduino/sketches/A98F88C8DEF5139A2C95A08917CA9C3C/../../cores/arduino_megaavr_nona4809_mode_on_ac19e7e9261e7ebdea559bc5b8f9c16f/core.a(main.cpp.o)
                              /home/chester/.arduino15/packages/arduino/tools/avr-gcc/7.3.0-atmel3.6.1-arduino5/bin/../lib/gcc/avr/7.3.0/../../../../avr/lib/avrxmega3/crtatmega4809.o (main)
/home/chester/.var/app/cc.arduino.IDE2/cache/arduino/sketches/A98F88C8DEF5139A2C95A08917CA9C3C/../../cores/arduino_megaavr_nona4809_mode_on_ac19e7e9261e7ebdea559bc5b8f9c16f/core.a(new.cpp.o)
                              /home/chester/.var/app/cc.arduino.IDE2/cache/arduino/sketches/A98F88C8DEF5139A2C95A08917CA9C3C/libraries/DHT_sensor_library/DHT_U.cpp.o (symbol from plugin) (_ZdlPv)
/home/chester/.var/app/cc.arduino.IDE2/cache/arduino/sketches/A98F88C8DEF5139A2C95A08917CA9C3C/../../cores/arduino_megaavr_nona4809_mode_on_ac19e7e9261e7ebdea559bc5b8f9c16f/core.a(wiring.c.o)
                              /home/chester/.var/app/cc.arduino.IDE2/cache/arduino/sketches/A98F88C8DEF5139A2C95A08917CA9C3C/libraries/Wire/utility/twi.c.o (symbol from plugin) (F_CPU_CORRECTED)
/home/chester/.var/app/cc.arduino.IDE2/cache/arduino/sketches/A98F88C8DEF5139A2C95A08917CA9C3C/../../cores/arduino_megaavr_nona4809_mode_on_ac19e7e9261e7ebdea559bc5b8f9c16f/core.a(wiring_analog.c.o)
                              wiring.c.o (symbol from plugin) (analogReference)
/home/chester/.var/app/cc.arduino.IDE2/cache/arduino/sketches/A98F88C8DEF5139A2C95A08917CA9C3C/../../cores/arduino_megaavr_nona4809_mode_on_ac19e7e9261e7ebdea559bc5b8f9c16f/core.a(wiring_digital.c.o)
                              wiring_analog.c.o (symbol from plugin) (digital_pin_to_timer)
/home/chester/.var/app/cc.arduino.IDE2/cache/arduino/sketches/A98F88C8DEF5139A2C95A08917CA9C3C/../../cores/arduino_megaavr_nona4809_mode_on_ac19e7e9261e7ebdea559bc5b8f9c16f/core.a(UART.cpp.o)
                              UART0.cpp.o (symbol from plugin) (_ZN9UartClass9availableEv)
/home/chester/.var/app/cc.arduino.IDE2/cache/arduino/sketches/A98F88C8DEF5139A2C95A08917CA9C3C/../../cores/arduino_megaavr_nona4809_mode_on_ac19e7e9261e7ebdea559bc5b8f9c16f/core.a(abi.cpp.o)
                              Print.cpp.o (symbol from plugin) (__cxa_pure_virtual)
/home/chester/.arduino15/packages/arduino/tools/avr-gcc/7.3.0-atmel3.6.1-arduino5/bin/../lib/gcc/avr/7.3.0/avrxmega3/libgcc.a(_exit.o)
                              /home/chester/.arduino15/packages/arduino/tools/avr-gcc/7.3.0-atmel3.6.1-arduino5/bin/../lib/gcc/avr/7.3.0/../../../../avr/lib/avrxmega3/crtatmega4809.o (exit)
/home/chester/.arduino15/packages/arduino/tools/avr-gcc/7.3.0-atmel3.6.1-arduino5/bin/../lib/gcc/avr/7.3.0/../../../../avr/lib/avrxmega3/libc.a(dtostrf.o)
                              String.cpp.o (symbol from plugin) (dtostrf)
/home/chester/.arduino15/packages/arduino/tools/avr-gcc/7.3.0-atmel3.6.1-arduino5/bin/../lib/gcc/avr/7.3.0/../../../../avr/lib/avrxmega3/libc.a(atof.o)
                              String.cpp.o (symbol from plugin) (atof)
/home/chester/.arduino15/packages/arduino/tools/avr-gcc/7.3.0-atmel3.6.1-arduino5/bin/../lib/gcc/avr/7.3.0/../../../../avr/lib/avrxmega3/libc.a(atol.o)
                              String.cpp.o (symbol from plugin) (atol)
[...]
Memory Configuration

Name             Origin             Length             Attributes
text             0x0000000000000000 0x0000000000100000 xr
data             0x0000000000802000 0x000000000000ffa0 rw !x
eeprom           0x0000000000810000 0x0000000000010000 rw !x
fuse             0x0000000000820000 0x0000000000000009 rw !x
lock             0x0000000000830000 0x0000000000000400 rw !x
signature        0x0000000000840000 0x0000000000000400 rw !x
user_signatures  0x0000000000850000 0x0000000000000400 rw !x
*default*        0x0000000000000000 0xffffffffffffffff

Linker script and memory map

Address of section .data set to 0x802800
                0x0000000000004000                __RODATA_PM_OFFSET__ = 0x4000
LOAD /home/chester/.arduino15/packages/arduino/tools/avr-gcc/7.3.0-atmel3.6.1-arduino5/bin/../lib/gcc/avr/7.3.0/../../../../avr/lib/avrxmega3/crtatmega4809.o
Address of section .text set to 0x0
LOAD /home/chester/.var/app/cc.arduino.IDE2/cache/arduino/sketches/A98F88C8DEF5139A2C95A08917CA9C3C/sketch/WS-Mini.ino.cpp.o
LOAD /home/chester/.var/app/cc.arduino.IDE2/cache/ccDztrMQ.ltrans0.ltrans.o
LOAD /home/chester/.var/app/cc.arduino.IDE2/cache/arduino/sketches/A98F88C8DEF5139A2C95A08917CA9C3C/libraries/SFE_BMP180-master/SFE_BMP180.cpp.o
LOAD /home/chester/.var/app/cc.arduino.IDE2/cache/arduino/sketches/A98F88C8DEF5139A2C95A08917CA9C3C/libraries/Wire/Wire.cpp.o
LOAD /home/chester/.var/app/cc.arduino.IDE2/cache/arduino/sketches/A98F88C8DEF5139A2C95A08917CA9C3C/libraries/Wire/utility/twi.c.o
LOAD /home/chester/.var/app/cc.arduino.IDE2/cache/arduino/sketches/A98F88C8DEF5139A2C95A08917CA9C3C/libraries/DHT_sensor_library/DHT.cpp.o
LOAD /home/chester/.var/app/cc.arduino.IDE2/cache/arduino/sketches/A98F88C8DEF5139A2C95A08917CA9C3C/libraries/DHT_sensor_library/DHT_U.cpp.o
LOAD /home/chester/.var/app/cc.arduino.IDE2/cache/arduino/sketches/A98F88C8DEF5139A2C95A08917CA9C3C/libraries/Adafruit_Unified_Sensor/Adafruit_Sensor.cpp.o
LOAD /home/chester/.var/app/cc.arduino.IDE2/cache/arduino/sketches/A98F88C8DEF5139A2C95A08917CA9C3C/core/variant.c.o
LOAD /home/chester/.var/app/cc.arduino.IDE2/cache/arduino/sketches/A98F88C8DEF5139A2C95A08917CA9C3C/../../cores/arduino_megaavr_nona4809_mode_on_ac19e7e9261e7ebdea559bc5b8f9c16f/core.a
LOAD /home/chester/.arduino15/packages/arduino/tools/avr-gcc/7.3.0-atmel3.6.1-arduino5/bin/../lib/gcc/avr/7.3.0/../../../../avr/lib/avrxmega3/libm.a
START GROUP
LOAD /home/chester/.arduino15/packages/arduino/tools/avr-gcc/7.3.0-atmel3.6.1-arduino5/bin/../lib/gcc/avr/7.3.0/avrxmega3/libgcc.a
LOAD /home/chester/.arduino15/packages/arduino/tools/avr-gcc/7.3.0-atmel3.6.1-arduino5/bin/../lib/gcc/avr/7.3.0/../../../../avr/lib/avrxmega3/libm.a
LOAD /home/chester/.arduino15/packages/arduino/tools/avr-gcc/7.3.0-atmel3.6.1-arduino5/bin/../lib/gcc/avr/7.3.0/../../../../avr/lib/avrxmega3/libc.a
LOAD /home/chester/.arduino15/packages/arduino/tools/avr-gcc/7.3.0-atmel3.6.1-arduino5/bin/../lib/gcc/avr/7.3.0/../../../../avr/lib/avrxmega3/libatmega4809.a
END GROUP
                0x0000000000100000                __TEXT_REGION_LENGTH__ = DEFINED (__TEXT_REGION_LENGTH__)?__TEXT_REGION_LENGTH__:0x100000
                0x000000000000ffa0                __DATA_REGION_LENGTH__ = DEFINED (__DATA_REGION_LENGTH__)?__DATA_REGION_LENGTH__:0xffa0
                0x0000000000010000                __EEPROM_REGION_LENGTH__ = DEFINED (__EEPROM_REGION_LENGTH__)?__EEPROM_REGION_LENGTH__:0x10000
                [0x0000000000000009]                __FUSE_REGION_LENGTH__ = DEFINED (__FUSE_REGION_LENGTH__)?__FUSE_REGION_LENGTH__:0x400
                0x0000000000000400                __LOCK_REGION_LENGTH__ = DEFINED (__LOCK_REGION_LENGTH__)?__LOCK_REGION_LENGTH__:0x400
                0x0000000000000400                __SIGNATURE_REGION_LENGTH__ = DEFINED (__SIGNATURE_REGION_LENGTH__)?__SIGNATURE_REGION_LENGTH__:0x400
                0x0000000000000400                __USER_SIGNATURE_REGION_LENGTH__ = DEFINED (__USER_SIGNATURE_REGION_LENGTH__)?__USER_SIGNATURE_REGION_LENGTH__:0x400
                0x0000000000008000                __RODATA_PM_OFFSET__ = DEFINED (__RODATA_PM_OFFSET__)?__RODATA_PM_OFFSET__:0x8000

.hash
 *(.hash)

.dynsym
 *(.dynsym)

.dynstr
 *(.dynstr)

.gnu.version
 *(.gnu.version)

.gnu.version_d
 *(.gnu.version_d)

.gnu.version_r
 *(.gnu.version_r)

.rel.init
 *(.rel.init)

.rela.init
 *(.rela.init)

.rel.text
 *(.rel.text)
 *(.rel.text.*)
 *(.rel.gnu.linkonce.t*)

.rela.text
 *(.rela.text)
 *(.rela.text.*)
 *(.rela.gnu.linkonce.t*)

.rel.fini
 *(.rel.fini)

.rela.fini
 *(.rela.fini)

.rel.rodata
 *(.rel.rodata)
 *(.rel.rodata.*)
 *(.rel.gnu.linkonce.r*)

.rela.rodata
 *(.rela.rodata)
 *(.rela.rodata.*)
 *(.rela.gnu.linkonce.r*)

.rel.data
 *(.rel.data)
 *(.rel.data.*)
 *(.rel.gnu.linkonce.d*)

.rela.data
 *(.rela.data)
 *(.rela.data.*)
 *(.rela.gnu.linkonce.d*)

.rel.ctors
 *(.rel.ctors)

.rela.ctors
 *(.rela.ctors)

.rel.dtors
 *(.rel.dtors)

.rela.dtors
 *(.rela.dtors)

.rel.got
 *(.rel.got)

.rela.got
 *(.rela.got)

.rel.bss
 *(.rel.bss)

.rela.bss
 *(.rela.bss)

.rel.plt
 *(.rel.plt)

.rela.plt
 *(.rela.plt)

.text           0x0000000000000000     0x3c84
 *(.vectors)
 .vectors       0x0000000000000000       0xa0 /home/chester/.arduino15/packages/arduino/tools/avr-gcc/7.3.0-atmel3.6.1-arduino5/bin/../lib/gcc/avr/7.3.0/../../../../avr/lib/avrxmega3/crtatmega4809.o
                0x0000000000000000                __vectors
                0x0000000000000000                __vector_default
 *(.vectors)
 *(.progmem.gcc*)
 .progmem.gcc_fplib
                0x00000000000000a0       0x28 /home/chester/.arduino15/packages/arduino/tools/avr-gcc/7.3.0-atmel3.6.1-arduino5/bin/../lib/gcc/avr/7.3.0/../../../../avr/lib/avrxmega3/libm.a(exp.o)
 .progmem.gcc_fplib
                0x00000000000000c8       0x5a /home/chester/.arduino15/packages/arduino/tools/avr-gcc/7.3.0-atmel3.6.1-arduino5/bin/../lib/gcc/avr/7.3.0/../../../../avr/lib/avrxmega3/libm.a(log.o)
                0x0000000000000122                . = ALIGN (0x2)
                0x0000000000000122                __trampolines_start = .
 *(.trampolines)
 .trampolines   0x0000000000000122        0x0 linker stubs
 *(.trampolines*)
                0x0000000000000122                __trampolines_end = .
 *libprintf_flt.a:*(.progmem.data)
 *libc.a:*(.progmem.data)
 .progmem.data  0x0000000000000122       0xfa /home/chester/.arduino15/packages/arduino/tools/avr-gcc/7.3.0-atmel3.6.1-arduino5/bin/../lib/gcc/avr/7.3.0/../../../../avr/lib/avrxmega3/libc.a(ftoa_engine.o)
 *(.progmem*)
                0x000000000000021c                . = ALIGN (0x2)
 *(.jumptables)
 *(.jumptables*)
 *(.lowtext)
 *(.lowtext*)
                0x000000000000021c                __ctors_start = .
 *(.ctors)
 .ctors         0x000000000000021c        0x2 /home/chester/.var/app/cc.arduino.IDE2/cache/ccDztrMQ.ltrans0.ltrans.o
                0x000000000000021e                __ctors_end = .
                0x000000000000021e                __dtors_start = .
 *(.dtors)
                0x000000000000021e                __dtors_end = .
 SORT(*)(.ctors)
 SORT(*)(.dtors)
 *(.init0)
 .init0         0x000000000000021e        0x0 /home/chester/.arduino15/packages/arduino/tools/avr-gcc/7.3.0-atmel3.6.1-arduino5/bin/../lib/gcc/avr/7.3.0/../../../../avr/lib/avrxmega3/crtatmega4809.o
                0x000000000000021e                __init
 *(.init0)
 *(.init1)
 *(.init1)
 *(.init2)
 .init2         0x000000000000021e        0xc /home/chester/.arduino15/packages/arduino/tools/avr-gcc/7.3.0-atmel3.6.1-arduino5/bin/../lib/gcc/avr/7.3.0/../../../../avr/lib/avrxmega3/crtatmega4809.o
 *(.init2)
 *(.init3)
 *(.init3)
 *(.init4)
 .init4         0x000000000000022a       0x10 /home/chester/.arduino15/packages/arduino/tools/avr-gcc/7.3.0-atmel3.6.1-arduino5/bin/../lib/gcc/avr/7.3.0/avrxmega3/libgcc.a(_clear_bss.o)
                0x000000000000022a                __do_clear_bss
 .init4         0x000000000000023a       0x16 /home/chester/.arduino15/packages/arduino/tools/avr-gcc/7.3.0-atmel3.6.1-arduino5/bin/../lib/gcc/avr/7.3.0/avrxmega3/libgcc.a(_copy_data.o)
                0x000000000000023a                __do_copy_data
 *(.init4)
 *(.init5)
 *(.init5)
 *(.init6)
 .init6         0x0000000000000250       0x16 /home/chester/.arduino15/packages/arduino/tools/avr-gcc/7.3.0-atmel3.6.1-arduino5/bin/../lib/gcc/avr/7.3.0/avrxmega3/libgcc.a(_ctors.o)
                0x0000000000000250                __do_global_ctors
 *(.init6)
 *(.init7)
 *(.init7)
 *(.init8)
 *(.init8)
 *(.init9)
 .init9         0x0000000000000266        0x8 /home/chester/.arduino15/packages/arduino/tools/avr-gcc/7.3.0-atmel3.6.1-arduino5/bin/../lib/gcc/avr/7.3.0/../../../../avr/lib/avrxmega3/crtatmega4809.o
 *(.init9)
 *(.text)
 .text          0x000000000000026e        0x4 /home/chester/.arduino15/packages/arduino/tools/avr-gcc/7.3.0-atmel3.6.1-arduino5/bin/../lib/gcc/avr/7.3.0/../../../../avr/lib/avrxmega3/crtatmega4809.o
                0x000000000000026e                __vector_22
                0x000000000000026e                __vector_28
                0x000000000000026e                __vector_1
                0x000000000000026e                __vector_32
                0x000000000000026e                __vector_34
                0x000000000000026e                __vector_24
                0x000000000000026e                __vector_12
                0x000000000000026e                __bad_interrupt
                0x000000000000026e                __vector_6
                0x000000000000026e                __vector_31
                0x000000000000026e                __vector_35
                0x000000000000026e                __vector_39
                0x000000000000026e                __vector_3
                0x000000000000026e                __vector_23
                0x000000000000026e                __vector_30
                0x000000000000026e                __vector_25
                0x000000000000026e                __vector_11
                0x000000000000026e                __vector_13
                0x000000000000026e                __vector_17
                0x000000000000026e                __vector_19
                0x000000000000026e                __vector_7
                0x000000000000026e                __vector_5
                0x000000000000026e                __vector_33
                0x000000000000026e                __vector_4
                0x000000000000026e                __vector_9
                0x000000000000026e                __vector_2
                0x000000000000026e                __vector_21
                0x000000000000026e                __vector_29
                0x000000000000026e                __vector_8
                0x000000000000026e                __vector_10
                0x000000000000026e                __vector_16
                0x000000000000026e                __vector_18
                0x000000000000026e                __vector_20
 .text          0x0000000000000272     0x1718 /home/chester/.var/app/cc.arduino.IDE2/cache/ccDztrMQ.ltrans0.ltrans.o
                0x00000000000014b0                __vector_36
                0x0000000000001578                __vector_27
                0x00000000000015c4                __vector_26
                0x0000000000001610                __vector_38
                0x000000000000165c                __vector_37
                0x00000000000016a8                __vector_14
                0x000000000000180a                __vector_15
                0x000000000000198a                . = ALIGN (0x2)
 *(.text.*)
 .text.startup  0x000000000000198a     0x11a0 /home/chester/.var/app/cc.arduino.IDE2/cache/ccDztrMQ.ltrans0.ltrans.o
                0x0000000000001a72                main
 .text.avr-libc
                0x0000000000002b2a       0x3c /home/chester/.arduino15/packages/arduino/tools/avr-gcc/7.3.0-atmel3.6.1-arduino5/bin/../lib/gcc/avr/7.3.0/../../../../avr/lib/avrxmega3/libc.a(dtostrf.o)
                0x0000000000002b2a                dtostrf
 .text.avr-libc
                0x0000000000002b66       0x16 /home/chester/.arduino15/packages/arduino/tools/avr-gcc/7.3.0-atmel3.6.1-arduino5/bin/../lib/gcc/avr/7.3.0/../../../../avr/lib/avrxmega3/libc.a(itoa_ncheck.o)
                0x0000000000002b66                __itoa_ncheck
 .text.avr-libc
                0x0000000000002b7c       0x34 /home/chester/.arduino15/packages/arduino/tools/avr-gcc/7.3.0-atmel3.6.1-arduino5/bin/../lib/gcc/avr/7.3.0/../../../../avr/lib/avrxmega3/libc.a(utoa_ncheck.o)
                0x0000000000002b7c                __utoa_ncheck
                0x0000000000002b7e                __utoa_common
 .text.avr-libc
                0x0000000000002bb0      0x2be /home/chester/.arduino15/packages/arduino/tools/avr-gcc/7.3.0-atmel3.6.1-arduino5/bin/../lib/gcc/avr/7.3.0/../../../../avr/lib/avrxmega3/libc.a(dtoa_prf.o)
                0x0000000000002bb0                dtoa_prf
 .text.avr-libc
                0x0000000000002e6e      0x1b0 /home/chester/.arduino15/packages/arduino/tools/avr-gcc/7.3.0-atmel3.6.1-arduino5/bin/../lib/gcc/avr/7.3.0/../../../../avr/lib/avrxmega3/libc.a(ftoa_engine.o)
                0x0000000000002e6e                __ftoa_engine
 .text.avr-libc
                0x000000000000301e       0x20 /home/chester/.arduino15/packages/arduino/tools/avr-gcc/7.3.0-atmel3.6.1-arduino5/bin/../lib/gcc/avr/7.3.0/../../../../avr/lib/avrxmega3/libc.a(strrev.o)
                0x000000000000301e                strrev
 .text.avr-libc.fplib
                0x000000000000303e       0x7a /home/chester/.arduino15/packages/arduino/tools/avr-gcc/7.3.0-atmel3.6.1-arduino5/bin/../lib/gcc/avr/7.3.0/../../../../avr/lib/avrxmega3/libc.a(floatsisf.o)
                0x000000000000303e                __floatunsisf
                0x0000000000003042                __floatsisf
 .text.avr-libc.fplib
                0x00000000000030b8       0x48 /home/chester/.arduino15/packages/arduino/tools/avr-gcc/7.3.0-atmel3.6.1-arduino5/bin/../lib/gcc/avr/7.3.0/../../../../avr/lib/avrxmega3/libc.a(fp_cmp.o)
                0x00000000000030b8                __fp_cmp
 .text.avr-libc.fplib
                0x0000000000003100        0x8 /home/chester/.arduino15/packages/arduino/tools/avr-gcc/7.3.0-atmel3.6.1-arduino5/bin/../lib/gcc/avr/7.3.0/../../../../avr/lib/avrxmega3/libc.a(mulsf3.o)
                0x0000000000003100                __mulsf3
 .text.avr-libc.fplib
                0x0000000000003108       0xd2 /home/chester/.arduino15/packages/arduino/tools/avr-gcc/7.3.0-atmel3.6.1-arduino5/bin/../lib/gcc/avr/7.3.0/../../../../avr/lib/avrxmega3/libc.a(mulsf3x.o)
                0x0000000000003126                __mulsf3x
                0x000000000000312c                __mulsf3_pse
 .text.avr-libc.fplib
                0x00000000000031da        0xc /home/chester/.arduino15/packages/arduino/tools/avr-gcc/7.3.0-atmel3.6.1-arduino5/bin/../lib/gcc/avr/7.3.0/../../../../avr/lib/avrxmega3/libc.a(fp_inf.o)
                0x00000000000031da                __fp_inf
 .text.avr-libc.fplib
                0x00000000000031e6        0x6 /home/chester/.arduino15/packages/arduino/tools/avr-gcc/7.3.0-atmel3.6.1-arduino5/bin/../lib/gcc/avr/7.3.0/../../../../avr/lib/avrxmega3/libc.a(fp_nan.o)
                0x00000000000031e6                __fp_nan
 .text.avr-libc.fplib
                0x00000000000031ec        0xe /home/chester/.arduino15/packages/arduino/tools/avr-gcc/7.3.0-atmel3.6.1-arduino5/bin/../lib/gcc/avr/7.3.0/../../../../avr/lib/avrxmega3/libc.a(fp_pscA.o)
                0x00000000000031ec                __fp_pscA
 .text.avr-libc.fplib
                0x00000000000031fa        0xe /home/chester/.arduino15/packages/arduino/tools/avr-gcc/7.3.0-atmel3.6.1-arduino5/bin/../lib/gcc/avr/7.3.0/../../../../avr/lib/avrxmega3/libc.a(fp_pscB.o)
                0x00000000000031fa                __fp_pscB
 .text.avr-libc.fplib
                0x0000000000003208       0x22 /home/chester/.arduino15/packages/arduino/tools/avr-gcc/7.3.0-atmel3.6.1-arduino5/bin/../lib/gcc/avr/7.3.0/../../../../avr/lib/avrxmega3/libc.a(fp_round.o)
                0x0000000000003208                __fp_round
 .text.avr-libc.fplib
                0x000000000000322a       0x44 /home/chester/.arduino15/packages/arduino/tools/avr-gcc/7.3.0-atmel3.6.1-arduino5/bin/../lib/gcc/avr/7.3.0/../../../../avr/lib/avrxmega3/libc.a(fp_split3.o)
                0x000000000000322a                __fp_split3
                0x000000000000323a                __fp_splitA
 .text.avr-libc.fplib
                0x000000000000326e        0xe /home/chester/.arduino15/packages/arduino/tools/avr-gcc/7.3.0-atmel3.6.1-arduino5/bin/../lib/gcc/avr/7.3.0/../../../../avr/lib/avrxmega3/libc.a(fp_zero.o)
                0x000000000000326e                __fp_zero
                0x0000000000003270                __fp_szero
 .text.libgcc.mul
                0x000000000000327c       0x16 /home/chester/.arduino15/packages/arduino/tools/avr-gcc/7.3.0-atmel3.6.1-arduino5/bin/../lib/gcc/avr/7.3.0/avrxmega3/libgcc.a(_muluhisi3.o)
                0x000000000000327c                __muluhisi3
 .text.libgcc.prologue
                0x0000000000003292       0x32 /home/chester/.arduino15/packages/arduino/tools/avr-gcc/7.3.0-atmel3.6.1-arduino5/bin/../lib/gcc/avr/7.3.0/avrxmega3/libgcc.a(_prologue.o)
                0x0000000000003292                __prologue_saves__
 .text.libgcc.prologue
                0x00000000000032c4       0x30 /home/chester/.arduino15/packages/arduino/tools/avr-gcc/7.3.0-atmel3.6.1-arduino5/bin/../lib/gcc/avr/7.3.0/avrxmega3/libgcc.a(_epilogue.o)
                0x00000000000032c4                __epilogue_restores__
 .text.libgcc.mul
                0x00000000000032f4       0x1e /home/chester/.arduino15/packages/arduino/tools/avr-gcc/7.3.0-atmel3.6.1-arduino5/bin/../lib/gcc/avr/7.3.0/avrxmega3/libgcc.a(_umulhisi3.o)
                0x00000000000032f4                __umulhisi3
 .text.avr-libc.fplib
                0x0000000000003312        0xe /home/chester/.arduino15/packages/arduino/tools/avr-gcc/7.3.0-atmel3.6.1-arduino5/bin/../lib/gcc/avr/7.3.0/../../../../avr/lib/avrxmega3/libm.a(addsf3.o)
                0x0000000000003312                __subsf3
                0x0000000000003314                __addsf3
 .text.avr-libc.fplib
                0x0000000000003320       0xcc /home/chester/.arduino15/packages/arduino/tools/avr-gcc/7.3.0-atmel3.6.1-arduino5/bin/../lib/gcc/avr/7.3.0/../../../../avr/lib/avrxmega3/libm.a(addsf3x.o)
                0x0000000000003342                __addsf3x
 .text.avr-libc.fplib
                0x00000000000033ec        0x8 /home/chester/.arduino15/packages/arduino/tools/avr-gcc/7.3.0-atmel3.6.1-arduino5/bin/../lib/gcc/avr/7.3.0/../../../../avr/lib/avrxmega3/libm.a(divsf3.o)
                0x00000000000033ec                __divsf3
 .text.avr-libc.fplib
                0x00000000000033f4       0xdc /home/chester/.arduino15/packages/arduino/tools/avr-gcc/7.3.0-atmel3.6.1-arduino5/bin/../lib/gcc/avr/7.3.0/../../../../avr/lib/avrxmega3/libm.a(divsf3x.o)
                0x0000000000003414                __divsf3x
                0x000000000000341a                __divsf3_pse
 .text.avr-libc.fplib
                0x00000000000034d0       0xa0 /home/chester/.arduino15/packages/arduino/tools/avr-gcc/7.3.0-atmel3.6.1-arduino5/bin/../lib/gcc/avr/7.3.0/../../../../avr/lib/avrxmega3/libm.a(pow.o)
                0x00000000000034d0                pow
 .text.avr-libc.fplib
                0x0000000000003570        0xa /home/chester/.arduino15/packages/arduino/tools/avr-gcc/7.3.0-atmel3.6.1-arduino5/bin/../lib/gcc/avr/7.3.0/../../../../avr/lib/avrxmega3/libm.a(unordsf2.o)
                0x0000000000003570                __unordsf2
 .text.avr-libc.fplib
                0x000000000000357a       0x74 /home/chester/.arduino15/packages/arduino/tools/avr-gcc/7.3.0-atmel3.6.1-arduino5/bin/../lib/gcc/avr/7.3.0/../../../../avr/lib/avrxmega3/libm.a(exp.o)
                0x000000000000358a                exp
 .text.avr-libc.fplib
                0x00000000000035ee       0x4e /home/chester/.arduino15/packages/arduino/tools/avr-gcc/7.3.0-atmel3.6.1-arduino5/bin/../lib/gcc/avr/7.3.0/../../../../avr/lib/avrxmega3/libm.a(fp_powser.o)
                0x00000000000035ee                __fp_powser
 .text.avr-libc.fplib
                0x000000000000363c       0x10 /home/chester/.arduino15/packages/arduino/tools/avr-gcc/7.3.0-atmel3.6.1-arduino5/bin/../lib/gcc/avr/7.3.0/../../../../avr/lib/avrxmega3/libm.a(inverse.o)
                0x000000000000363c                inverse
 .text.avr-libc.fplib
                0x000000000000364c       0x74 /home/chester/.arduino15/packages/arduino/tools/avr-gcc/7.3.0-atmel3.6.1-arduino5/bin/../lib/gcc/avr/7.3.0/../../../../avr/lib/avrxmega3/libm.a(ldexp.o)
                0x0000000000003654                ldexp
 .text.avr-libc.fplib
                0x00000000000036c0       0xa0 /home/chester/.arduino15/packages/arduino/tools/avr-gcc/7.3.0-atmel3.6.1-arduino5/bin/../lib/gcc/avr/7.3.0/../../../../avr/lib/avrxmega3/libm.a(log.o)
                0x00000000000036d0                log
 .text.avr-libc.fplib
                0x0000000000003760       0x68 /home/chester/.arduino15/packages/arduino/tools/avr-gcc/7.3.0-atmel3.6.1-arduino5/bin/../lib/gcc/avr/7.3.0/../../../../avr/lib/avrxmega3/libm.a(modf.o)
                0x0000000000003760                modff
                0x0000000000003760                modf
 .text.avr-libc.fplib
                0x00000000000037c8       0x1c /home/chester/.arduino15/packages/arduino/tools/avr-gcc/7.3.0-atmel3.6.1-arduino5/bin/../lib/gcc/avr/7.3.0/../../../../avr/lib/avrxmega3/libm.a(fp_mpack.o)
                0x00000000000037c8                __fp_mpack
                0x00000000000037cc                __fp_mpack_finite
 .text.libgcc.div
                0x00000000000037e4       0x28 /home/chester/.arduino15/packages/arduino/tools/avr-gcc/7.3.0-atmel3.6.1-arduino5/bin/../lib/gcc/avr/7.3.0/avrxmega3/libgcc.a(_udivmodhi4.o)
                0x00000000000037e4                __udivmodhi4
 .text.libgcc.div
                0x000000000000380c       0x44 /home/chester/.arduino15/packages/arduino/tools/avr-gcc/7.3.0-atmel3.6.1-arduino5/bin/../lib/gcc/avr/7.3.0/avrxmega3/libgcc.a(_udivmodsi4.o)
                0x000000000000380c                __udivmodsi4
 .text.libgcc.div
                0x0000000000003850       0x2e /home/chester/.arduino15/packages/arduino/tools/avr-gcc/7.3.0-atmel3.6.1-arduino5/bin/../lib/gcc/avr/7.3.0/avrxmega3/libgcc.a(_divmodsi4.o)
                0x0000000000003850                __divmodsi4
 .text.libgcc.div
                0x000000000000387e       0x10 /home/chester/.arduino15/packages/arduino/tools/avr-gcc/7.3.0-atmel3.6.1-arduino5/bin/../lib/gcc/avr/7.3.0/avrxmega3/libgcc.a(_negsi2.o)
                0x000000000000387e                __negsi2
 .text.libgcc.mul
                0x000000000000388e       0x10 /home/chester/.arduino15/packages/arduino/tools/avr-gcc/7.3.0-atmel3.6.1-arduino5/bin/../lib/gcc/avr/7.3.0/avrxmega3/libgcc.a(_mulshisi3.o)
                0x000000000000388e                __mulshisi3
                0x0000000000003894                __mulohisi3
 .text.libgcc   0x000000000000389e        0xc /home/chester/.arduino15/packages/arduino/tools/avr-gcc/7.3.0-atmel3.6.1-arduino5/bin/../lib/gcc/avr/7.3.0/avrxmega3/libgcc.a(_tablejump2.o)
                0x000000000000389e                __tablejump2__
 .text.avr-libc
                0x00000000000038aa      0x24a /home/chester/.arduino15/packages/arduino/tools/avr-gcc/7.3.0-atmel3.6.1-arduino5/bin/../lib/gcc/avr/7.3.0/../../../../avr/lib/avrxmega3/libc.a(malloc.o)
                0x00000000000038aa                malloc
                0x00000000000039e2                free
 .text.avr-libc
                0x0000000000003af4      0x17a /home/chester/.arduino15/packages/arduino/tools/avr-gcc/7.3.0-atmel3.6.1-arduino5/bin/../lib/gcc/avr/7.3.0/../../../../avr/lib/avrxmega3/libc.a(realloc.o)
                0x0000000000003af4                realloc
 .text.avr-libc
                0x0000000000003c6e       0x12 /home/chester/.arduino15/packages/arduino/tools/avr-gcc/7.3.0-atmel3.6.1-arduino5/bin/../lib/gcc/avr/7.3.0/../../../../avr/lib/avrxmega3/libc.a(memcpy.o)
                0x0000000000003c6e                memcpy
                0x0000000000003c80                . = ALIGN (0x2)
 *(.fini9)
 .fini9         0x0000000000003c80        0x0 /home/chester/.arduino15/packages/arduino/tools/avr-gcc/7.3.0-atmel3.6.1-arduino5/bin/../lib/gcc/avr/7.3.0/avrxmega3/libgcc.a(_exit.o)
                0x0000000000003c80                exit
                0x0000000000003c80                _exit
 *(.fini9)
 *(.fini8)
 *(.fini8)
 *(.fini7)
 *(.fini7)
 *(.fini6)
 *(.fini6)
 *(.fini5)
 *(.fini5)
 *(.fini4)
 *(.fini4)
 *(.fini3)
 *(.fini3)
 *(.fini2)
 *(.fini2)
 *(.fini1)
 *(.fini1)
 *(.fini0)
 .fini0         0x0000000000003c80        0x4 /home/chester/.arduino15/packages/arduino/tools/avr-gcc/7.3.0-atmel3.6.1-arduino5/bin/../lib/gcc/avr/7.3.0/avrxmega3/libgcc.a(_exit.o)
 *(.fini0)
                0x0000000000003c84                _etext = .

.rodata         0x0000000000007c84      0x303 load address 0x0000000000003c84
 *(.rodata)
 .rodata        0x0000000000007c84       0xaa /home/chester/.var/app/cc.arduino.IDE2/cache/ccDztrMQ.ltrans0.ltrans.o
 *(.rodata*)
 .rodata.str1.1
                0x0000000000007d2e      0x259 /home/chester/.var/app/cc.arduino.IDE2/cache/ccDztrMQ.ltrans0.ltrans.o
                                        0x25a (size before relaxing)
 *(.gnu.linkonce.r*)

.data           0x0000000000802800        0xa load address 0x0000000000003f87
                0x0000000000802800                PROVIDE (__data_start, .)
 *(.data)
 .data          0x0000000000802800        0x4 /home/chester/.var/app/cc.arduino.IDE2/cache/ccDztrMQ.ltrans0.ltrans.o
 .data          0x0000000000802804        0x6 /home/chester/.arduino15/packages/arduino/tools/avr-gcc/7.3.0-atmel3.6.1-arduino5/bin/../lib/gcc/avr/7.3.0/../../../../avr/lib/avrxmega3/libc.a(malloc.o)
                0x0000000000802804                __malloc_heap_end
                0x0000000000802806                __malloc_heap_start
                0x0000000000802808                __malloc_margin
 *(.data*)
 *(.gnu.linkonce.d*)
                0x000000000080280a                . = ALIGN (0x2)
                0x000000000080280a                _edata = .
                0x000000000080280a                PROVIDE (__data_end, .)

.bss            0x000000000080280a      0x2e1
                0x000000000080280a                PROVIDE (__bss_start, .)
 *(.bss)
 .bss           0x000000000080280a      0x2dd /home/chester/.var/app/cc.arduino.IDE2/cache/ccDztrMQ.ltrans0.ltrans.o
 *(.bss*)
 *(COMMON)
 COMMON         0x0000000000802ae7        0x4 /home/chester/.arduino15/packages/arduino/tools/avr-gcc/7.3.0-atmel3.6.1-arduino5/bin/../lib/gcc/avr/7.3.0/../../../../avr/lib/avrxmega3/libc.a(malloc.o)
                0x0000000000802ae7                __brkval
                0x0000000000802ae9                __flp
                0x0000000000802aeb                PROVIDE (__bss_end, .)
                0x0000000000003f87                __data_load_start = LOADADDR (.data)
                0x0000000000003f91                __data_load_end = (__data_load_start + SIZEOF (.data))

.noinit         0x0000000000802aeb        0x0
                [!provide]                        PROVIDE (__noinit_start, .)
 *(.noinit*)
                [!provide]                        PROVIDE (__noinit_end, .)
                0x0000000000802aeb                _end = .
                0x0000000000802aeb                PROVIDE (__heap_start, .)

.eeprom         0x0000000000810000        0x0
 *(.eeprom*)
                0x0000000000810000                __eeprom_end = .

.fuse
 *(.fuse)
 *(.lfuse)
 *(.hfuse)
 *(.efuse)

.lock
 *(.lock*)

.signature
 *(.signature*)

.user_signatures
 *(.user_signatures*)

.stab
 *(.stab)

.stabstr
 *(.stabstr)

.stab.excl
 *(.stab.excl)

.stab.exclstr
 *(.stab.exclstr)

.stab.index
 *(.stab.index)

.stab.indexstr
 *(.stab.indexstr)

.comment        0x0000000000000000       0x11
 *(.comment)
 .comment       0x0000000000000000       0x12 /home/chester/.var/app/cc.arduino.IDE2/cache/ccDztrMQ.ltrans0.ltrans.o
 .comment       0x0000000000000000       0x11 /home/chester/.arduino15/packages/arduino/tools/avr-gcc/7.3.0-atmel3.6.1-arduino5/bin/../lib/gcc/avr/7.3.0/../../../../avr/lib/avrxmega3/libc.a(dtostrf.o)
                                         0x12 (size before relaxing)
 .comment       0x0000000000000011       0x12 /home/chester/.arduino15/packages/arduino/tools/avr-gcc/7.3.0-atmel3.6.1-arduino5/bin/../lib/gcc/avr/7.3.0/../../../../avr/lib/avrxmega3/libc.a(dtoa_prf.o)
 .comment       0x0000000000000011       0x12 /home/chester/.arduino15/packages/arduino/tools/avr-gcc/7.3.0-atmel3.6.1-arduino5/bin/../lib/gcc/avr/7.3.0/../../../../avr/lib/avrxmega3/libc.a(malloc.o)
 .comment       0x0000000000000011       0x12 /home/chester/.arduino15/packages/arduino/tools/avr-gcc/7.3.0-atmel3.6.1-arduino5/bin/../lib/gcc/avr/7.3.0/../../../../avr/lib/avrxmega3/libc.a(realloc.o)

.note.gnu.avr.deviceinfo
                0x0000000000000000       0x40
 .note.gnu.avr.deviceinfo
                0x0000000000000000       0x40 /home/chester/.arduino15/packages/arduino/tools/avr-gcc/7.3.0-atmel3.6.1-arduino5/bin/../lib/gcc/avr/7.3.0/../../../../avr/lib/avrxmega3/crtatmega4809.o

.note.gnu.build-id
 *(.note.gnu.build-id)

.debug
 *(.debug)

.line
 *(.line)

.debug_srcinfo
 *(.debug_srcinfo)

.debug_sfnames
 *(.debug_sfnames)

.debug_aranges  0x0000000000000000      0x1e8
 *(.debug_aranges)
 .debug_aranges
                0x0000000000000000       0x28 /home/chester/.var/app/cc.arduino.IDE2/cache/ccDztrMQ.ltrans0.ltrans.o
 .debug_aranges
                0x0000000000000028       0x20 /home/chester/.arduino15/packages/arduino/tools/avr-gcc/7.3.0-atmel3.6.1-arduino5/bin/../lib/gcc/avr/7.3.0/avrxmega3/libgcc.a(_exit.o)
 .debug_aranges
                0x0000000000000048       0x20 /home/chester/.arduino15/packages/arduino/tools/avr-gcc/7.3.0-atmel3.6.1-arduino5/bin/../lib/gcc/avr/7.3.0/avrxmega3/libgcc.a(_clear_bss.o)
 .debug_aranges
                0x0000000000000068       0x20 /home/chester/.arduino15/packages/arduino/tools/avr-gcc/7.3.0-atmel3.6.1-arduino5/bin/../lib/gcc/avr/7.3.0/avrxmega3/libgcc.a(_muluhisi3.o)
 .debug_aranges
                0x0000000000000088       0x20 /home/chester/.arduino15/packages/arduino/tools/avr-gcc/7.3.0-atmel3.6.1-arduino5/bin/../lib/gcc/avr/7.3.0/avrxmega3/libgcc.a(_prologue.o)
 .debug_aranges
                0x00000000000000a8       0x20 /home/chester/.arduino15/packages/arduino/tools/avr-gcc/7.3.0-atmel3.6.1-arduino5/bin/../lib/gcc/avr/7.3.0/avrxmega3/libgcc.a(_epilogue.o)
 .debug_aranges
                0x00000000000000c8       0x20 /home/chester/.arduino15/packages/arduino/tools/avr-gcc/7.3.0-atmel3.6.1-arduino5/bin/../lib/gcc/avr/7.3.0/avrxmega3/libgcc.a(_umulhisi3.o)
 .debug_aranges
                0x00000000000000e8       0x20 /home/chester/.arduino15/packages/arduino/tools/avr-gcc/7.3.0-atmel3.6.1-arduino5/bin/../lib/gcc/avr/7.3.0/avrxmega3/libgcc.a(_udivmodhi4.o)
 .debug_aranges
                0x0000000000000108       0x20 /home/chester/.arduino15/packages/arduino/tools/avr-gcc/7.3.0-atmel3.6.1-arduino5/bin/../lib/gcc/avr/7.3.0/avrxmega3/libgcc.a(_udivmodsi4.o)
 .debug_aranges
                0x0000000000000128       0x20 /home/chester/.arduino15/packages/arduino/tools/avr-gcc/7.3.0-atmel3.6.1-arduino5/bin/../lib/gcc/avr/7.3.0/avrxmega3/libgcc.a(_divmodsi4.o)
 .debug_aranges
                0x0000000000000148       0x20 /home/chester/.arduino15/packages/arduino/tools/avr-gcc/7.3.0-atmel3.6.1-arduino5/bin/../lib/gcc/avr/7.3.0/avrxmega3/libgcc.a(_negsi2.o)
 .debug_aranges
                0x0000000000000168       0x20 /home/chester/.arduino15/packages/arduino/tools/avr-gcc/7.3.0-atmel3.6.1-arduino5/bin/../lib/gcc/avr/7.3.0/avrxmega3/libgcc.a(_copy_data.o)
 .debug_aranges
                0x0000000000000188       0x20 /home/chester/.arduino15/packages/arduino/tools/avr-gcc/7.3.0-atmel3.6.1-arduino5/bin/../lib/gcc/avr/7.3.0/avrxmega3/libgcc.a(_ctors.o)
 .debug_aranges
                0x00000000000001a8       0x20 /home/chester/.arduino15/packages/arduino/tools/avr-gcc/7.3.0-atmel3.6.1-arduino5/bin/../lib/gcc/avr/7.3.0/avrxmega3/libgcc.a(_mulshisi3.o)
 .debug_aranges
                0x00000000000001c8       0x20 /home/chester/.arduino15/packages/arduino/tools/avr-gcc/7.3.0-atmel3.6.1-arduino5/bin/../lib/gcc/avr/7.3.0/avrxmega3/libgcc.a(_tablejump2.o)

.debug_pubnames
 *(.debug_pubnames)

.debug_info     0x0000000000000000     0xb225
 *(.debug_info .gnu.linkonce.wi.*)
 .debug_info    0x0000000000000000     0x249d /home/chester/.arduino15/packages/arduino/tools/avr-gcc/7.3.0-atmel3.6.1-arduino5/bin/../lib/gcc/avr/7.3.0/../../../../avr/lib/avrxmega3/crtatmega4809.o
 .debug_info    0x000000000000249d     0x83e8 /home/chester/.var/app/cc.arduino.IDE2/cache/ccDztrMQ.ltrans0.ltrans.o
 .debug_info    0x000000000000a885       0xb0 /home/chester/.arduino15/packages/arduino/tools/avr-gcc/7.3.0-atmel3.6.1-arduino5/bin/../lib/gcc/avr/7.3.0/avrxmega3/libgcc.a(_exit.o)
 .debug_info    0x000000000000a935       0xb0 /home/chester/.arduino15/packages/arduino/tools/avr-gcc/7.3.0-atmel3.6.1-arduino5/bin/../lib/gcc/avr/7.3.0/avrxmega3/libgcc.a(_clear_bss.o)
 .debug_info    0x000000000000a9e5       0xb0 /home/chester/.arduino15/packages/arduino/tools/avr-gcc/7.3.0-atmel3.6.1-arduino5/bin/../lib/gcc/avr/7.3.0/avrxmega3/libgcc.a(_muluhisi3.o)
 .debug_info    0x000000000000aa95       0xb0 /home/chester/.arduino15/packages/arduino/tools/avr-gcc/7.3.0-atmel3.6.1-arduino5/bin/../lib/gcc/avr/7.3.0/avrxmega3/libgcc.a(_prologue.o)
 .debug_info    0x000000000000ab45       0xb0 /home/chester/.arduino15/packages/arduino/tools/avr-gcc/7.3.0-atmel3.6.1-arduino5/bin/../lib/gcc/avr/7.3.0/avrxmega3/libgcc.a(_epilogue.o)
 .debug_info    0x000000000000abf5       0xb0 /home/chester/.arduino15/packages/arduino/tools/avr-gcc/7.3.0-atmel3.6.1-arduino5/bin/../lib/gcc/avr/7.3.0/avrxmega3/libgcc.a(_umulhisi3.o)
 .debug_info    0x000000000000aca5       0xb0 /home/chester/.arduino15/packages/arduino/tools/avr-gcc/7.3.0-atmel3.6.1-arduino5/bin/../lib/gcc/avr/7.3.0/avrxmega3/libgcc.a(_udivmodhi4.o)
 .debug_info    0x000000000000ad55       0xb0 /home/chester/.arduino15/packages/arduino/tools/avr-gcc/7.3.0-atmel3.6.1-arduino5/bin/../lib/gcc/avr/7.3.0/avrxmega3/libgcc.a(_udivmodsi4.o)
 .debug_info    0x000000000000ae05       0xb0 /home/chester/.arduino15/packages/arduino/tools/avr-gcc/7.3.0-atmel3.6.1-arduino5/bin/../lib/gcc/avr/7.3.0/avrxmega3/libgcc.a(_divmodsi4.o)
 .debug_info    0x000000000000aeb5       0xb0 /home/chester/.arduino15/packages/arduino/tools/avr-gcc/7.3.0-atmel3.6.1-arduino5/bin/../lib/gcc/avr/7.3.0/avrxmega3/libgcc.a(_negsi2.o)
 .debug_info    0x000000000000af65       0xb0 /home/chester/.arduino15/packages/arduino/tools/avr-gcc/7.3.0-atmel3.6.1-arduino5/bin/../lib/gcc/avr/7.3.0/avrxmega3/libgcc.a(_copy_data.o)
 .debug_info    0x000000000000b015       0xb0 /home/chester/.arduino15/packages/arduino/tools/avr-gcc/7.3.0-atmel3.6.1-arduino5/bin/../lib/gcc/avr/7.3.0/avrxmega3/libgcc.a(_ctors.o)
 .debug_info    0x000000000000b0c5       0xb0 /home/chester/.arduino15/packages/arduino/tools/avr-gcc/7.3.0-atmel3.6.1-arduino5/bin/../lib/gcc/avr/7.3.0/avrxmega3/libgcc.a(_mulshisi3.o)
 .debug_info    0x000000000000b175       0xb0 /home/chester/.arduino15/packages/arduino/tools/avr-gcc/7.3.0-atmel3.6.1-arduino5/bin/../lib/gcc/avr/7.3.0/avrxmega3/libgcc.a(_tablejump2.o)

.debug_abbrev   0x0000000000000000     0x2eaf
 *(.debug_abbrev)
 .debug_abbrev  0x0000000000000000     0x22a8 /home/chester/.arduino15/packages/arduino/tools/avr-gcc/7.3.0-atmel3.6.1-arduino5/bin/../lib/gcc/avr/7.3.0/../../../../avr/lib/avrxmega3/crtatmega4809.o
 .debug_abbrev  0x00000000000022a8      0xaef /home/chester/.var/app/cc.arduino.IDE2/cache/ccDztrMQ.ltrans0.ltrans.o
 .debug_abbrev  0x0000000000002d97       0x14 /home/chester/.arduino15/packages/arduino/tools/avr-gcc/7.3.0-atmel3.6.1-arduino5/bin/../lib/gcc/avr/7.3.0/avrxmega3/libgcc.a(_exit.o)
 .debug_abbrev  0x0000000000002dab       0x14 /home/chester/.arduino15/packages/arduino/tools/avr-gcc/7.3.0-atmel3.6.1-arduino5/bin/../lib/gcc/avr/7.3.0/avrxmega3/libgcc.a(_clear_bss.o)
 .debug_abbrev  0x0000000000002dbf       0x14 /home/chester/.arduino15/packages/arduino/tools/avr-gcc/7.3.0-atmel3.6.1-arduino5/bin/../lib/gcc/avr/7.3.0/avrxmega3/libgcc.a(_muluhisi3.o)
 .debug_abbrev  0x0000000000002dd3       0x14 /home/chester/.arduino15/packages/arduino/tools/avr-gcc/7.3.0-atmel3.6.1-arduino5/bin/../lib/gcc/avr/7.3.0/avrxmega3/libgcc.a(_prologue.o)
 .debug_abbrev  0x0000000000002de7       0x14 /home/chester/.arduino15/packages/arduino/tools/avr-gcc/7.3.0-atmel3.6.1-arduino5/bin/../lib/gcc/avr/7.3.0/avrxmega3/libgcc.a(_epilogue.o)
 .debug_abbrev  0x0000000000002dfb       0x14 /home/chester/.arduino15/packages/arduino/tools/avr-gcc/7.3.0-atmel3.6.1-arduino5/bin/../lib/gcc/avr/7.3.0/avrxmega3/libgcc.a(_umulhisi3.o)
 .debug_abbrev  0x0000000000002e0f       0x14 /home/chester/.arduino15/packages/arduino/tools/avr-gcc/7.3.0-atmel3.6.1-arduino5/bin/../lib/gcc/avr/7.3.0/avrxmega3/libgcc.a(_udivmodhi4.o)
 .debug_abbrev  0x0000000000002e23       0x14 /home/chester/.arduino15/packages/arduino/tools/avr-gcc/7.3.0-atmel3.6.1-arduino5/bin/../lib/gcc/avr/7.3.0/avrxmega3/libgcc.a(_udivmodsi4.o)
 .debug_abbrev  0x0000000000002e37       0x14 /home/chester/.arduino15/packages/arduino/tools/avr-gcc/7.3.0-atmel3.6.1-arduino5/bin/../lib/gcc/avr/7.3.0/avrxmega3/libgcc.a(_divmodsi4.o)
 .debug_abbrev  0x0000000000002e4b       0x14 /home/chester/.arduino15/packages/arduino/tools/avr-gcc/7.3.0-atmel3.6.1-arduino5/bin/../lib/gcc/avr/7.3.0/avrxmega3/libgcc.a(_negsi2.o)
 .debug_abbrev  0x0000000000002e5f       0x14 /home/chester/.arduino15/packages/arduino/tools/avr-gcc/7.3.0-atmel3.6.1-arduino5/bin/../lib/gcc/avr/7.3.0/avrxmega3/libgcc.a(_copy_data.o)
 .debug_abbrev  0x0000000000002e73       0x14 /home/chester/.arduino15/packages/arduino/tools/avr-gcc/7.3.0-atmel3.6.1-arduino5/bin/../lib/gcc/avr/7.3.0/avrxmega3/libgcc.a(_ctors.o)
 .debug_abbrev  0x0000000000002e87       0x14 /home/chester/.arduino15/packages/arduino/tools/avr-gcc/7.3.0-atmel3.6.1-arduino5/bin/../lib/gcc/avr/7.3.0/avrxmega3/libgcc.a(_mulshisi3.o)
 .debug_abbrev  0x0000000000002e9b       0x14 /home/chester/.arduino15/packages/arduino/tools/avr-gcc/7.3.0-atmel3.6.1-arduino5/bin/../lib/gcc/avr/7.3.0/avrxmega3/libgcc.a(_tablejump2.o)

.debug_line     0x0000000000000000     0x2818
 *(.debug_line .debug_line.* .debug_line_end)
 .debug_line    0x0000000000000000      0x187 /home/chester/.arduino15/packages/arduino/tools/avr-gcc/7.3.0-atmel3.6.1-arduino5/bin/../lib/gcc/avr/7.3.0/../../../../avr/lib/avrxmega3/crtatmega4809.o
 .debug_line    0x0000000000000187     0x1d57 /home/chester/.var/app/cc.arduino.IDE2/cache/ccDztrMQ.ltrans0.ltrans.o
 .debug_line    0x0000000000001ede       0x62 /home/chester/.arduino15/packages/arduino/tools/avr-gcc/7.3.0-atmel3.6.1-arduino5/bin/../lib/gcc/avr/7.3.0/avrxmega3/libgcc.a(_exit.o)
 .debug_line    0x0000000000001f40       0x86 /home/chester/.arduino15/packages/arduino/tools/avr-gcc/7.3.0-atmel3.6.1-arduino5/bin/../lib/gcc/avr/7.3.0/avrxmega3/libgcc.a(_clear_bss.o)
 .debug_line    0x0000000000001fc6       0x92 /home/chester/.arduino15/packages/arduino/tools/avr-gcc/7.3.0-atmel3.6.1-arduino5/bin/../lib/gcc/avr/7.3.0/avrxmega3/libgcc.a(_muluhisi3.o)
 .debug_line    0x0000000000002058       0xec /home/chester/.arduino15/packages/arduino/tools/avr-gcc/7.3.0-atmel3.6.1-arduino5/bin/../lib/gcc/avr/7.3.0/avrxmega3/libgcc.a(_prologue.o)
 .debug_line    0x0000000000002144       0xe6 /home/chester/.arduino15/packages/arduino/tools/avr-gcc/7.3.0-atmel3.6.1-arduino5/bin/../lib/gcc/avr/7.3.0/avrxmega3/libgcc.a(_epilogue.o)
 .debug_line    0x000000000000222a       0xb0 /home/chester/.arduino15/packages/arduino/tools/avr-gcc/7.3.0-atmel3.6.1-arduino5/bin/../lib/gcc/avr/7.3.0/avrxmega3/libgcc.a(_umulhisi3.o)
 .debug_line    0x00000000000022da       0xce /home/chester/.arduino15/packages/arduino/tools/avr-gcc/7.3.0-atmel3.6.1-arduino5/bin/../lib/gcc/avr/7.3.0/avrxmega3/libgcc.a(_udivmodhi4.o)
 .debug_line    0x00000000000023a8      0x122 /home/chester/.arduino15/packages/arduino/tools/avr-gcc/7.3.0-atmel3.6.1-arduino5/bin/../lib/gcc/avr/7.3.0/avrxmega3/libgcc.a(_udivmodsi4.o)
 .debug_line    0x00000000000024ca       0xce /home/chester/.arduino15/packages/arduino/tools/avr-gcc/7.3.0-atmel3.6.1-arduino5/bin/../lib/gcc/avr/7.3.0/avrxmega3/libgcc.a(_divmodsi4.o)
 .debug_line    0x0000000000002598       0x62 /home/chester/.arduino15/packages/arduino/tools/avr-gcc/7.3.0-atmel3.6.1-arduino5/bin/../lib/gcc/avr/7.3.0/avrxmega3/libgcc.a(_negsi2.o)
 .debug_line    0x00000000000025fa       0x98 /home/chester/.arduino15/packages/arduino/tools/avr-gcc/7.3.0-atmel3.6.1-arduino5/bin/../lib/gcc/avr/7.3.0/avrxmega3/libgcc.a(_copy_data.o)
 .debug_line    0x0000000000002692       0x92 /home/chester/.arduino15/packages/arduino/tools/avr-gcc/7.3.0-atmel3.6.1-arduino5/bin/../lib/gcc/avr/7.3.0/avrxmega3/libgcc.a(_ctors.o)
 .debug_line    0x0000000000002724       0x7a /home/chester/.arduino15/packages/arduino/tools/avr-gcc/7.3.0-atmel3.6.1-arduino5/bin/../lib/gcc/avr/7.3.0/avrxmega3/libgcc.a(_mulshisi3.o)
 .debug_line    0x000000000000279e       0x7a /home/chester/.arduino15/packages/arduino/tools/avr-gcc/7.3.0-atmel3.6.1-arduino5/bin/../lib/gcc/avr/7.3.0/avrxmega3/libgcc.a(_tablejump2.o)

.debug_frame    0x0000000000000000      0x9f8
 *(.debug_frame)
 .debug_frame   0x0000000000000000      0x9f8 /home/chester/.var/app/cc.arduino.IDE2/cache/ccDztrMQ.ltrans0.ltrans.o

.debug_str      0x0000000000000000     0x2b31
 *(.debug_str)
 .debug_str     0x0000000000000000      0xf8b /home/chester/.arduino15/packages/arduino/tools/avr-gcc/7.3.0-atmel3.6.1-arduino5/bin/../lib/gcc/avr/7.3.0/../../../../avr/lib/avrxmega3/crtatmega4809.o
 .debug_str     0x0000000000000f8b     0x1ba6 /home/chester/.var/app/cc.arduino.IDE2/cache/ccDztrMQ.ltrans0.ltrans.o
                                       0x1d76 (size before relaxing)

.debug_loc      0x0000000000000000     0x3f60
 *(.debug_loc)
 .debug_loc     0x0000000000000000     0x3f60 /home/chester/.var/app/cc.arduino.IDE2/cache/ccDztrMQ.ltrans0.ltrans.o

.debug_macinfo
 *(.debug_macinfo)

.debug_weaknames
 *(.debug_weaknames)

.debug_funcnames
 *(.debug_funcnames)

.debug_typenames
 *(.debug_typenames)

.debug_varnames
 *(.debug_varnames)

.debug_pubtypes
 *(.debug_pubtypes)

.debug_ranges   0x0000000000000000      0x478
 *(.debug_ranges)
 .debug_ranges  0x0000000000000000      0x478 /home/chester/.var/app/cc.arduino.IDE2/cache/ccDztrMQ.ltrans0.ltrans.o

.debug_macro
 *(.debug_macro)
OUTPUT(/home/chester/.var/app/cc.arduino.IDE2/cache/arduino/sketches/A98F88C8DEF5139A2C95A08917CA9C3C/WS-Mini.ino.elf elf32-avr)
LOAD linker stubs
